------------------------
TEST 1
NASLOV

tijelo.....

------------------------
------------------------
TEST 2
------------------------
------------------------
TEST 3
Traceback (most recent call last):
  File "F:\Programming\github\console-widgets\tests\test1.py", line 18, in test
    t()
  File "F:\Programming\github\console-widgets\tests\test1.py", line 40, in t3
    c = ConsoleWidget(title="Naslov", subtitle="cijena rada", body=25)
  File "F:\Programming\github\console-widgets\console_widgets\console_widgets.py", line 31, in __init__
    raise ParameterTypeError(value, attribute, "string")
errors.ParameterTypeError: 25 is of type int. -> The body can only be of type string!

------------------------
------------------------
TEST 4
Traceback (most recent call last):
  File "F:\Programming\github\console-widgets\tests\test1.py", line 18, in test
    t()
  File "F:\Programming\github\console-widgets\tests\test1.py", line 46, in t4
    c = ConsoleWidget(title=[1,2], subtitle=12635, body=25.1)
  File "F:\Programming\github\console-widgets\console_widgets\console_widgets.py", line 31, in __init__
    raise ParameterTypeError(value, attribute, "string")
errors.ParameterTypeError: 25.1 is of type float. -> The body can only be of type string!

------------------------
------------------------
TEST 5
NASLOV

Podnaslov

tijelo

------------------------
------------------------
TEST 6
Traceback (most recent call last):
  File "F:\Programming\github\console-widgets\tests\test1.py", line 18, in test
    t()
  File "F:\Programming\github\console-widgets\tests\test1.py", line 58, in t6
    c = ConsoleList(title="Lista", subtitle="borna gojsic", items=[1,2,3,4,5,6])
  File "F:\Programming\github\console-widgets\console_widgets\console_widgets.py", line 144, in __init__
    raise ParameterTypeError(value, attribute, "string")
errors.ParameterTypeError: [''] is of type list. -> The body can only be of type string!

------------------------
